// Jest Snapshot v1, https://goo.gl/fbAQLP

exports[`pruebas en el todo list debe de mostrarse correctamente  1`] = `
<div>
  <ul
    className="list-group list-group-flush"
  >
    <TodoListItem
      handleDelete={[MockFunction]}
      handleTodo={[MockFunction]}
      index={0}
      key="1"
      todo={
        Object {
          "desc": "Aprender fastify",
          "donde": false,
          "id": 1,
        }
      }
    />
    <TodoListItem
      handleDelete={[MockFunction]}
      handleTodo={[MockFunction]}
      index={1}
      key="2"
      todo={
        Object {
          "desc": "Aprender typescript",
          "donde": false,
          "id": 2,
        }
      }
    />
  </ul>
</div>
`;
