// Jest Snapshot v1, https://goo.gl/fbAQLP

exports[`pruebas en realRef debe hacer el snapshot 1`] = `
<div>
  <h1>
    Real example useRef
  </h1>
  <hr />
  <button
    className="btn btn-primary"
    onClick={[Function]}
  >
    Show | Hide
  </button>
</div>
`;
