// Jest Snapshot v1, https://goo.gl/fbAQLP

exports[`pruebas en el mutiple component debe de mostrarse correctamente 1`] = `
<div>
  <h1>
    Breaking Bad
  </h1>
  <div
    className="alert alert-info text-center"
  >
    Loading...
  </div>
  <button
    className="btn btn-primary"
    onClick={[Function]}
  >
    Siguiente quote
  </button>
</div>
`;
