// Jest Snapshot v1, https://goo.gl/fbAQLP

exports[`probando gifFridItem should  1`] = `
<div
  className="card animate__animated animate__fadeIn"
>
  <img
    alt="Un titulo"
    src="https://localhost/algo.jsp"
  />
  <p>
    Un titulo
  </p>
</div>
`;
