// Jest Snapshot v1, https://goo.gl/fbAQLP

exports[`Probar el entorno de configuracion de setupTest hacer snapshot 1`] = `
<div>
  <h1>
    Hola mundo
  </h1>
</div>
`;
