// Jest Snapshot v1, https://goo.gl/fbAQLP

exports[`pruebas en HomeScreen debe de hacer el match 1`] = `
<div>
  <h1>
    Home Screen
  </h1>
  <hr />
  <pre>
    {
   "name": "addRian0-0",
   "email": "addrianun@gmail.com"
}
  </pre>
</div>
`;
